// Jest Snapshot v1, https://goo.gl/fbAQLP

exports[`Prueba al componente TodoAdd Foto del componente 1`] = `
<section
  className="col-5"
>
  <form
    className="form-group"
    onSubmit={[Function]}
  >
    <input
      autoComplete="off"
      className="form-control"
      name="description"
      onChange={[Function]}
      placeholder="Agregar..."
      type="text"
      value=""
    />
    <button
      className="btn btn-primary btn-block mt-1"
      type="submit"
    >
      Agregar
    </button>
  </form>
</section>
`;
